{
  "contract": "campusforge-r1-built-workspace",
  "platform": "win32",
  "arch": "x64",
  "node": "v24.21.0",
  "lockfileSha256": "759c3bbc5725dc0d1c9722791b41415ee4848a7b3212e3ed1631a3b49bcb73cb",
  "devCliAbsent": true,
  "missingEnvironmentRejectedBeforeStartup": true,
  "environmentDiagnosticsRedacted": true,
  "workspaceRuntimeImports": true,
  "prismaClientConstructed": true,
  "prismaNativeEngineLoaded": true,
  "syntheticDatabaseConnectionError": "P1001",
  "compiledPdfParserText": true,
  "webHttpStatus": 200,
  "workerModulesLoaded": true,
  "publicUiChecked": false,
  "infrastructureReady": false,
  "readinessReason": "Disposable synthetic configuration points to unavailable local services; connection attempts may fail, no document jobs, user data, S3 calls, or AI calls executed."
}
