Scope: all 6 workspace projects
Lockfile is up to date, resolution step is skipped
Progress: resolved 1, reused 0, downloaded 0, added 0
Packages: +506
++++++++++++++++++++++++++++++++++++++++++++++++++++++++++++++++++++++++++++++++
Progress: resolved 506, reused 0, downloaded 12, added 0
Progress: resolved 506, reused 0, downloaded 28, added 0
Progress: resolved 506, reused 0, downloaded 43, added 0
Progress: resolved 506, reused 0, downloaded 61, added 4
Progress: resolved 506, reused 0, downloaded 88, added 8
Progress: resolved 506, reused 0, downloaded 102, added 12
Progress: resolved 506, reused 0, downloaded 109, added 12
Progress: resolved 506, reused 0, downloaded 114, added 15
Progress: resolved 506, reused 0, downloaded 117, added 15
Progress: resolved 506, reused 0, downloaded 120, added 16
Progress: resolved 506, reused 0, downloaded 125, added 16
Progress: resolved 506, reused 0, downloaded 133, added 16
Progress: resolved 506, reused 0, downloaded 139, added 19
Progress: resolved 506, reused 0, downloaded 146, added 20
Progress: resolved 506, reused 0, downloaded 161, added 23
Progress: resolved 506, reused 0, downloaded 176, added 24
Progress: resolved 506, reused 0, downloaded 193, added 28
Progress: resolved 506, reused 0, downloaded 214, added 29
Progress: resolved 506, reused 0, downloaded 219, added 32
Progress: resolved 506, reused 0, downloaded 231, added 33
Progress: resolved 506, reused 0, downloaded 248, added 36
Progress: resolved 506, reused 0, downloaded 278, added 41
Progress: resolved 506, reused 0, downloaded 303, added 44
Progress: resolved 506, reused 0, downloaded 323, added 47
Progress: resolved 506, reused 0, downloaded 340, added 50
Progress: resolved 506, reused 0, downloaded 377, added 55
Progress: resolved 506, reused 0, downloaded 408, added 62
Progress: resolved 506, reused 0, downloaded 416, added 63
Progress: resolved 506, reused 0, downloaded 426, added 63
Progress: resolved 506, reused 0, downloaded 438, added 67
Progress: resolved 506, reused 0, downloaded 450, added 68
Progress: resolved 506, reused 0, downloaded 458, added 70
Progress: resolved 506, reused 0, downloaded 467, added 71
Progress: resolved 506, reused 0, downloaded 475, added 74
Progress: resolved 506, reused 0, downloaded 476, added 74
Progress: resolved 506, reused 0, downloaded 484, added 75
Progress: resolved 506, reused 0, downloaded 497, added 85
Progress: resolved 506, reused 0, downloaded 500, added 103
Progress: resolved 506, reused 0, downloaded 501, added 112
Progress: resolved 506, reused 0, downloaded 502, added 117
Progress: resolved 506, reused 0, downloaded 502, added 130
Progress: resolved 506, reused 0, downloaded 502, added 153
Progress: resolved 506, reused 0, downloaded 502, added 160
Progress: resolved 506, reused 0, downloaded 503, added 176
Progress: resolved 506, reused 0, downloaded 503, added 201
Progress: resolved 506, reused 0, downloaded 503, added 227
Progress: resolved 506, reused 0, downloaded 503, added 295
Progress: resolved 506, reused 0, downloaded 505, added 356
Progress: resolved 506, reused 0, downloaded 505, added 425
Progress: resolved 506, reused 0, downloaded 505, added 487
Progress: resolved 506, reused 0, downloaded 505, added 501
Progress: resolved 506, reused 0, downloaded 505, added 502
Progress: resolved 506, reused 0, downloaded 505, added 504
Progress: resolved 506, reused 0, downloaded 505, added 505
Progress: resolved 506, reused 0, downloaded 506, added 505
Progress: resolved 506, reused 0, downloaded 506, added 506
Progress: resolved 506, reused 0, downloaded 506, added 506, done
.../node_modules/@prisma/engines postinstall$ node scripts/postinstall.js
.../esbuild@0.28.2/node_modules/esbuild postinstall$ node install.js
.../esbuild@0.28.2/node_modules/esbuild postinstall: Done
.../node_modules/@prisma/engines postinstall: Done
.../prisma@5.22.0/node_modules/prisma preinstall$ node scripts/preinstall-entry.js
.../prisma@5.22.0/node_modules/prisma preinstall: Done
.../node_modules/@prisma/client postinstall$ node scripts/postinstall.js
.../node_modules/@prisma/client postinstall: Done

devDependencies:
+ @playwright/test 1.63.0
+ eslint 9.39.5
+ eslint-config-next 16.3.8
+ prettier 3.9.9
+ prettier-plugin-tailwindcss 0.8.1
+ tsx 4.23.15
+ turbo 2.11.7
+ typescript 5.9.3
+ typescript-eslint 8.71.0

╭ Warning ─────────────────────────────────────────────────────────────────────╮
│                                                                              │
│   Ignored build scripts: msgpackr-extract@3.0.4, unrs-resolver@1.12.2.       │
│   Run "pnpm approve-builds" to pick which dependencies should be allowed     │
│   to run scripts.                                                            │
│                                                                              │
╰──────────────────────────────────────────────────────────────────────────────╯
Done in 1m 11.6s using pnpm v10.33.0
