Scope: all 6 workspace projects
Lockfile is up to date, resolution step is skipped
Progress: resolved 1, reused 0, downloaded 0, added 0
Packages: +142
++++++++++++++++++++++++++++++++++++++++++++++++++++++++++++++++++++++++++++++++
Progress: resolved 142, reused 0, downloaded 4, added 2
Progress: resolved 142, reused 0, downloaded 11, added 2
Progress: resolved 142, reused 0, downloaded 21, added 4
Progress: resolved 142, reused 0, downloaded 28, added 5
Progress: resolved 142, reused 0, downloaded 33, added 6
Progress: resolved 142, reused 0, downloaded 44, added 8
Progress: resolved 142, reused 0, downloaded 56, added 10
Progress: resolved 142, reused 0, downloaded 69, added 12
Progress: resolved 142, reused 0, downloaded 82, added 15
Progress: resolved 142, reused 0, downloaded 89, added 16
Progress: resolved 142, reused 0, downloaded 98, added 17
Progress: resolved 142, reused 0, downloaded 104, added 18
Progress: resolved 142, reused 0, downloaded 110, added 20
Progress: resolved 142, reused 0, downloaded 115, added 21
Progress: resolved 142, reused 0, downloaded 116, added 21
Progress: resolved 142, reused 0, downloaded 118, added 21
Progress: resolved 142, reused 0, downloaded 120, added 21
Progress: resolved 142, reused 0, downloaded 121, added 21
Progress: resolved 142, reused 0, downloaded 122, added 22
Progress: resolved 142, reused 0, downloaded 126, added 23
Progress: resolved 142, reused 0, downloaded 130, added 24
Progress: resolved 142, reused 0, downloaded 131, added 25
Progress: resolved 142, reused 0, downloaded 132, added 25
Progress: resolved 142, reused 0, downloaded 134, added 30
Progress: resolved 142, reused 0, downloaded 135, added 36
Progress: resolved 142, reused 0, downloaded 135, added 54
Progress: resolved 142, reused 0, downloaded 135, added 68
Progress: resolved 142, reused 0, downloaded 136, added 90
Progress: resolved 142, reused 0, downloaded 136, added 96
Progress: resolved 142, reused 0, downloaded 136, added 105
Progress: resolved 142, reused 0, downloaded 137, added 107
Progress: resolved 142, reused 0, downloaded 138, added 117
Progress: resolved 142, reused 0, downloaded 138, added 120
Progress: resolved 142, reused 0, downloaded 138, added 126
Progress: resolved 142, reused 0, downloaded 138, added 127
Progress: resolved 142, reused 0, downloaded 138, added 132
Progress: resolved 142, reused 0, downloaded 138, added 133
Progress: resolved 142, reused 0, downloaded 138, added 134
Progress: resolved 142, reused 0, downloaded 138, added 136
Progress: resolved 142, reused 0, downloaded 138, added 137
Progress: resolved 142, reused 0, downloaded 138, added 138
Progress: resolved 142, reused 0, downloaded 139, added 138
Progress: resolved 142, reused 0, downloaded 139, added 139
Progress: resolved 142, reused 0, downloaded 140, added 139
Progress: resolved 142, reused 0, downloaded 141, added 139
Progress: resolved 142, reused 0, downloaded 141, added 140
Progress: resolved 142, reused 0, downloaded 141, added 141
Progress: resolved 142, reused 0, downloaded 142, added 141
Progress: resolved 142, reused 0, downloaded 142, added 142
Progress: resolved 142, reused 0, downloaded 142, added 142, done

devDependencies: skipped

Done in 2m 50.2s using pnpm v10.33.0
