
> campusforge@ format C:\Users\rausa\OneDrive\Рабочий стол\CampusForge
> node scripts/format.mjs --write

apps/web/src/app/(auth)/layout.tsx 396ms (unchanged)
apps/web/src/app/(auth)/sign-in/page.tsx 6ms (unchanged)
apps/web/src/app/(auth)/sign-up/page.tsx 3ms (unchanged)
apps/web/src/app/(dashboard)/dashboard/page.tsx 14ms (unchanged)
apps/web/src/app/(dashboard)/layout.tsx 10ms (unchanged)
apps/web/src/app/(dashboard)/w/[workspaceId]/assistant/page.tsx 7ms (unchanged)
apps/web/src/app/(dashboard)/w/[workspaceId]/dashboard/page.tsx 78ms (unchanged)
apps/web/src/app/(dashboard)/w/[workspaceId]/documents/[documentId]/loading.tsx 7ms (unchanged)
apps/web/src/app/(dashboard)/w/[workspaceId]/documents/[documentId]/page.tsx 6ms (unchanged)
apps/web/src/app/(dashboard)/w/[workspaceId]/documents/loading.tsx 2ms (unchanged)
apps/web/src/app/(dashboard)/w/[workspaceId]/documents/page.tsx 3ms (unchanged)
apps/web/src/app/(dashboard)/w/[workspaceId]/flashcards/[flashcardSetId]/page.tsx 5ms (unchanged)
apps/web/src/app/(dashboard)/w/[workspaceId]/flashcards/loading.tsx 2ms (unchanged)
apps/web/src/app/(dashboard)/w/[workspaceId]/flashcards/page.tsx 4ms (unchanged)
apps/web/src/app/(dashboard)/w/[workspaceId]/layout.tsx 3ms (unchanged)
apps/web/src/app/(dashboard)/w/[workspaceId]/notes/[noteId]/page.tsx 6ms (unchanged)
apps/web/src/app/(dashboard)/w/[workspaceId]/notes/new/page.tsx 5ms (unchanged)
apps/web/src/app/(dashboard)/w/[workspaceId]/notes/page.tsx 5ms (unchanged)
apps/web/src/app/(dashboard)/w/[workspaceId]/tasks/loading.tsx 2ms (unchanged)
apps/web/src/app/(dashboard)/w/[workspaceId]/tasks/page.tsx 3ms (unchanged)
apps/web/src/app/api/auth/[...nextauth]/route.ts 3ms (unchanged)
apps/web/src/app/api/workspaces/[workspaceId]/documents/upload/route.ts 10ms (unchanged)
apps/web/src/app/layout.tsx 5ms (unchanged)
apps/web/src/app/onboarding/page.tsx 4ms (unchanged)
apps/web/src/app/page.tsx 7ms (unchanged)
apps/web/src/components/assistant/assistant-app.tsx 52ms (unchanged)
apps/web/src/components/assistant/assistant-sidebar.tsx 32ms (unchanged)
apps/web/src/components/assistant/chat-input.tsx 26ms (unchanged)
apps/web/src/components/assistant/chat-view.tsx 6ms (unchanged)
apps/web/src/components/assistant/markdown.tsx 43ms (unchanged)
apps/web/src/components/assistant/message-bubble.tsx 23ms (unchanged)
apps/web/src/components/assistant/message-list.tsx 9ms (unchanged)
apps/web/src/components/assistant/model-selector.tsx 8ms (unchanged)
apps/web/src/components/assistant/settings-dialog.tsx 25ms (unchanged)
apps/web/src/components/assistant/typing-indicator.tsx 3ms (unchanged)
apps/web/src/components/assistant/welcome-screen.tsx 9ms (unchanged)
apps/web/src/components/auth/authenticated-privacy-boundary.tsx 8ms (unchanged)
apps/web/src/components/auth/sign-in-form.tsx 9ms (unchanged)
apps/web/src/components/auth/sign-out-button.tsx 3ms (unchanged)
apps/web/src/components/auth/sign-up-form.tsx 6ms (unchanged)
apps/web/src/components/document/document-detail-view.tsx 38ms (unchanged)
apps/web/src/components/document/document-list.tsx 13ms (unchanged)
apps/web/src/components/document/document-status-badge.tsx 4ms (unchanged)
apps/web/src/components/document/upload-document-dialog.tsx 10ms (unchanged)
apps/web/src/components/flashcard/flashcard-set-detail-view.tsx 10ms (unchanged)
apps/web/src/components/flashcard/flashcard-set-list.tsx 11ms (unchanged)
apps/web/src/components/flashcard/flashcard-viewer.tsx 12ms (unchanged)
apps/web/src/components/layout/app-shell.tsx 5ms (unchanged)
apps/web/src/components/layout/theme-toggle.tsx 5ms (unchanged)
apps/web/src/components/note/note-card.tsx 4ms (unchanged)
apps/web/src/components/note/note-detail.tsx 4ms (unchanged)
apps/web/src/components/note/note-editor.tsx 8ms (unchanged)
apps/web/src/components/note/note-list.tsx 5ms (unchanged)
apps/web/src/components/onboarding/onboarding-form.tsx 5ms (unchanged)
apps/web/src/components/task/create-task-dialog.tsx 6ms (unchanged)
apps/web/src/components/task/edit-task-dialog.tsx 6ms (unchanged)
apps/web/src/components/task/task-form.tsx 11ms (unchanged)
apps/web/src/components/task/task-list.tsx 7ms (unchanged)
apps/web/src/components/task/task-priority-badge.tsx 4ms (unchanged)
apps/web/src/components/task/task-status-badge.tsx 3ms (unchanged)
apps/web/src/components/ui/badge.tsx 3ms (unchanged)
apps/web/src/components/ui/button.tsx 3ms (unchanged)
apps/web/src/components/ui/card.tsx 5ms (unchanged)
apps/web/src/components/ui/dialog.tsx 9ms (unchanged)
apps/web/src/components/ui/dropdown-menu.tsx 11ms (unchanged)
apps/web/src/components/ui/input.tsx 3ms (unchanged)
apps/web/src/components/ui/label.tsx 3ms (unchanged)
apps/web/src/components/ui/separator.tsx 3ms (unchanged)
apps/web/src/components/ui/skeleton.tsx 3ms (unchanged)
apps/web/src/components/workspace/create-workspace-dialog.tsx 8ms (unchanged)
apps/web/src/components/workspace/sidebar-workspace-nav.tsx 6ms (unchanged)
apps/web/src/components/workspace/workspace-switcher.tsx 7ms (unchanged)
apps/web/src/lib/assistant/engine.ts 25ms (unchanged)
apps/web/src/lib/assistant/models.ts 3ms (unchanged)
apps/web/src/lib/assistant/seed.ts 4ms (unchanged)
apps/web/src/lib/assistant/storage.ts 10ms (unchanged)
apps/web/src/lib/assistant/types.ts 5ms (unchanged)
apps/web/src/lib/auth-errors.ts 4ms (unchanged)
apps/web/src/lib/auth-rate-limit.ts 11ms (unchanged)
apps/web/src/lib/auth-redirect.ts 5ms (unchanged)
apps/web/src/lib/auth.config.ts 4ms (unchanged)
apps/web/src/lib/auth.ts 8ms (unchanged)
apps/web/src/lib/markdown-url.ts 4ms (unchanged)
apps/web/src/lib/privacy.ts 10ms (unchanged)
apps/web/src/lib/query-client.tsx 3ms (unchanged)
apps/web/src/lib/queue.ts 4ms (unchanged)
apps/web/src/lib/request-origin.ts 2ms (unchanged)
apps/web/src/lib/s3.ts 3ms (unchanged)
apps/web/src/lib/use-client-ready.ts 2ms (unchanged)
apps/web/src/lib/use-privacy-lease.tsx 4ms (unchanged)
apps/web/src/lib/utils.ts 2ms (unchanged)
apps/web/src/lib/workspace-context.tsx 3ms (unchanged)
apps/web/src/middleware.ts 4ms (unchanged)
apps/web/src/server/actions/auth.ts 8ms (unchanged)
apps/web/src/server/actions/document.ts 2ms (unchanged)
apps/web/src/server/actions/flashcard.ts 4ms (unchanged)
apps/web/src/server/actions/note.ts 4ms (unchanged)
apps/web/src/server/actions/summary.ts 5ms (unchanged)
apps/web/src/server/actions/task.ts 6ms (unchanged)
apps/web/src/server/actions/workspace.ts 3ms (unchanged)
apps/web/src/server/queries/document.ts 7ms (unchanged)
apps/web/src/server/queries/flashcard.ts 5ms (unchanged)
apps/web/src/server/queries/note.ts 4ms (unchanged)
apps/web/src/server/queries/summary.ts 3ms (unchanged)
apps/web/src/server/queries/task.ts 5ms (unchanged)
apps/web/src/server/queries/workspace.ts 3ms (unchanged)
apps/web/src/server/services/auth-helpers.ts 3ms (unchanged)
apps/web/src/server/services/auth.ts 4ms (unchanged)
apps/web/src/server/services/document.ts 6ms (unchanged)
apps/web/src/server/services/note.ts 4ms (unchanged)
apps/web/src/server/services/task.ts 6ms (unchanged)
apps/web/src/server/services/workspace.ts 3ms (unchanged)
apps/web/src/styles/globals.css 27ms (unchanged)
apps/web/src/types/next-auth.d.ts 3ms (unchanged)
apps/worker/src/index.ts 23ms (unchanged)
apps/worker/src/jobs/generate-flashcards.ts 8ms (unchanged)
apps/worker/src/jobs/generate-summary.ts 4ms (unchanged)
apps/worker/src/jobs/parse-document.ts 4ms (unchanged)
apps/worker/src/lib/pdf.ts 3ms (unchanged)
apps/worker/src/lib/redis.ts 1ms (unchanged)
apps/worker/src/lib/s3.ts 1ms (unchanged)
apps/web/tests/auth-security.test.mjs 43ms (unchanged)
apps/web/tests/privacy.test.mjs 21ms (unchanged)
apps/web/tests/web-security.test.mjs 9ms (unchanged)
apps/worker/tests/pdf.test.ts 4ms (unchanged)
apps/web/scripts/start.mjs 2ms (unchanged)
apps/worker/scripts/start.mjs 2ms (unchanged)
apps/web/components.json 2ms (unchanged)
apps/web/next.config.mjs 2ms (unchanged)
apps/web/package.json 1ms (unchanged)
apps/web/postcss.config.mjs 2ms (unchanged)
apps/web/tailwind.config.ts 3ms (unchanged)
apps/web/tsconfig.json 1ms (unchanged)
apps/worker/package.json 1ms (unchanged)
apps/worker/tsconfig.build.json 1ms (unchanged)
apps/worker/tsconfig.json 1ms (unchanged)
packages/ai/src/index.ts 4ms (unchanged)
packages/ai/src/prompts/flashcard.ts 9ms (unchanged)
packages/ai/src/prompts/index.ts 1ms (unchanged)
packages/ai/src/prompts/summary.ts 4ms (unchanged)
packages/ai/src/provider.ts 7ms (unchanged)
packages/ai/src/types.ts 2ms (unchanged)
packages/db/src/client.ts 4ms (unchanged)
packages/db/src/index.ts 1ms (unchanged)
packages/shared/src/constants.ts 5ms (unchanged)
packages/shared/src/env.ts 4ms (unchanged)
packages/shared/src/index.ts 1ms (unchanged)
packages/shared/src/password-policy.ts 3ms (unchanged)
packages/shared/src/schemas/auth.ts 6ms (unchanged)
packages/shared/src/schemas/document.ts 3ms (unchanged)
packages/shared/src/schemas/index.ts 1ms (unchanged)
packages/shared/src/schemas/note.ts 2ms (unchanged)
packages/shared/src/schemas/task.ts 3ms (unchanged)
packages/shared/src/schemas/workspace.ts 1ms (unchanged)
packages/shared/src/types/action-result.ts 4ms (unchanged)
packages/shared/src/types/index.ts 1ms (unchanged)
packages/ai/tests/prompts.test.ts 6ms (unchanged)
packages/db/tests/schema.test.mjs 4ms (unchanged)
packages/shared/tests/environment.test.ts 4ms (unchanged)
packages/ai/package.json 1ms (unchanged)
packages/ai/tsconfig.build.json 1ms (unchanged)
packages/ai/tsconfig.json 1ms (unchanged)
packages/db/package.json 1ms (unchanged)
packages/db/tsconfig.build.json 1ms (unchanged)
packages/db/tsconfig.json 0ms (unchanged)
packages/shared/package.json 1ms (unchanged)
packages/shared/tsconfig.build.json 1ms (unchanged)
packages/shared/tsconfig.json 0ms (unchanged)
scripts/build.mjs 3ms (unchanged)
scripts/check-env.mjs 1ms (unchanged)
scripts/format.mjs 1ms (unchanged)
scripts/next-runtime-fixture.mjs 6ms
scripts/package-release.mjs 6ms (unchanged)
scripts/probe-env.mjs 1ms (unchanged)
scripts/probe-public-ui.mjs 5ms (unchanged)
scripts/probe-quality-gates.mjs 2ms (unchanged)
scripts/probe-r2-middleware.mjs 6ms
scripts/probe-release.mjs 11ms (unchanged)
scripts/probe-turbo-env.mjs 3ms (unchanged)
scripts/verify-clean.mjs 5ms (unchanged)
scripts/verify-r2.mjs 5ms
tests/browser/next-action.spec.ts 7ms (unchanged)
tests/browser/r2-security.spec.ts 24ms
tests/browser/r2-ui-privacy.spec.ts 22ms
tests/browser/react-lifecycle.spec.ts 6ms (unchanged)
tests/fixtures/next-runtime/next.config.mjs 3ms (unchanged)
tests/fixtures/next-runtime/package.json 0ms (unchanged)
tests/fixtures/next-runtime/src/app/api/auth/[...nextauth]/route.ts 3ms (unchanged)
tests/fixtures/next-runtime/src/app/api/r2-control/route.ts 3ms (unchanged)
tests/fixtures/next-runtime/src/app/api/r2-middleware-probe/route.ts 3ms (unchanged)
tests/fixtures/next-runtime/src/app/assistant/page.tsx 4ms (unchanged)
tests/fixtures/next-runtime/src/app/auth-entrance/page.tsx 5ms (unchanged)
tests/fixtures/next-runtime/src/app/dashboard/page.tsx 2ms (unchanged)
tests/fixtures/next-runtime/src/app/document/page.tsx 3ms (unchanged)
tests/fixtures/next-runtime/src/app/layout.tsx 2ms (unchanged)
tests/fixtures/next-runtime/src/app/lifecycle/page.tsx 3ms (unchanged)
tests/fixtures/next-runtime/src/app/markdown/page.tsx 2ms (unchanged)
tests/fixtures/next-runtime/src/app/onboarding/page.tsx 3ms (unchanged)
tests/fixtures/next-runtime/src/app/page.tsx 1ms (unchanged)
tests/fixtures/next-runtime/src/app/r2-onboarding-real/page.tsx 2ms (unchanged)
tests/fixtures/next-runtime/src/app/r2-onboarding-real/real-onboarding.tsx 1ms
tests/fixtures/next-runtime/src/app/r2-privacy/page.tsx 3ms (unchanged)
tests/fixtures/next-runtime/src/app/r2-privacy/privacy-fixture.tsx 5ms (unchanged)
tests/fixtures/next-runtime/src/app/r2-private-shell/page.tsx 3ms
tests/fixtures/next-runtime/src/app/sign-in/page.tsx 3ms (unchanged)
tests/fixtures/next-runtime/src/app/sign-up/page.tsx 2ms (unchanged)
tests/fixtures/next-runtime/src/app/w/r1-synthetic-workspace/tasks/page.tsx 3ms (unchanged)
tests/fixtures/next-runtime/src/fixture/bcrypt.ts 3ms (unchanged)
tests/fixtures/next-runtime/src/fixture/db.ts 5ms
tests/fixtures/next-runtime/src/fixture/redis.ts 4ms
tests/fixtures/next-runtime/src/fixture/state.ts 2ms (unchanged)
tests/fixtures/next-runtime/src/server/actions/auth.ts 5ms (unchanged)
tests/fixtures/next-runtime/src/server/actions/task.ts 2ms (unchanged)
tests/fixtures/next-runtime/src/server/actions/workspace.ts 1ms (unchanged)
tests/fixtures/next-runtime/src/server/services/document.ts 3ms (unchanged)
tests/fixtures/next-runtime/tsconfig.json 1ms (unchanged)
.github/workflows/quality.yml 11ms (unchanged)
docs/releases/R1-changed-files.md 37ms (unchanged)
docs/releases/R1-dependencies.md 29ms (unchanged)
docs/releases/R1-packaging.md 17ms (unchanged)
docs/releases/R1-quality.md 13ms (unchanged)
docs/releases/R1.md 21ms (unchanged)
docs/releases/R2-auth.md 16ms (unchanged)
docs/releases/R2-privacy.md 17ms (unchanged)
docs/releases/R2-review.md 16ms
docs/releases/R2.md 16ms
eslint.config.mjs 4ms (unchanged)
package.json 1ms (unchanged)
playwright.config.ts 2ms
README.md 11ms (unchanged)
tsconfig.build.json 1ms (unchanged)
tsconfig.json 1ms (unchanged)
turbo.json 1ms (unchanged)
.prettierrc 3ms (unchanged)
